// Jest Snapshot v1, https://goo.gl/fbAQLP

exports[`matches snapshot 1`] = `
<div
  className="square"
  data-testid="square"
>
  A
</div>
`;
