// Jest Snapshot v1, https://goo.gl/fbAQLP

exports[`matches snapshot 1`] = `
<div
  data-testid="score"
  id="score"
>
  Score: 
  21
</div>
`;
